{
  "game": "Sushi Go",
  "note": "No audio stream present in preview",
  "generated_at": "2025-09-10T16:28:02.480Z"
}