{
  "game": "Sushi Go",
  "input": "out\\sushi-go\\preview.mp4",
  "video": {
    "codec_name": "h264",
    "width": 960,
    "height": 540,
    "pix_fmt": "yuv420p",
    "avg_frame_rate": "30/1",
    "sample_aspect_ratio": "1:1",
    "display_aspect_ratio": "16:9"
  },
  "format": {
    "filename": "out/sushi-go/preview.mp4",
    "nb_streams": 1,
    "nb_programs": 0,
    "nb_stream_groups": 0,
    "format_name": "mov,mp4,m4a,3gp,3g2,mj2",
    "format_long_name": "QuickTime / MOV",
    "start_time": "0.000000",
    "duration": "28.000000",
    "size": "22425",
    "bit_rate": "6407",
    "probe_score": 100,
    "tags": {
      "major_brand": "isom",
      "minor_version": "512",
      "compatible_brands": "isomiso2avc1mp41",
      "encoder": "Lavf62.5.100"
    }
  },
  "generated_at": "2025-09-09T23:58:15.869Z"
}