{
  "game": "sushi-go",
  "note": "No audio stream present in preview",
  "generated_at": "2025-09-10T17:17:23.448Z"
}