{
  "game": "Hanamikoji",
  "note": "No audio stream present in preview",
  "generated_at": "2025-09-10T00:28:14.307Z"
}