{
  "game": "hanamikoji",
  "note": "No audio stream present in preview",
  "generated_at": "2025-09-10T00:59:53.554Z"
}