{
  "game": "Love Letter",
  "note": "No audio stream present in preview",
  "generated_at": "2025-09-09T23:58:20.564Z"
}