{
  "tools": {
    "ffmpeg": {
      "version": "8.0-full_build-www.gyan.dev"
    },
    "ffprobe": {
      "version": "8.0-full_build-www.gyan.dev"
    }
  },
  "env": {
    "node": {
      "version": "22.14.0"
    },
    "npm": {
      "version": "unknown"
    },
    "git": {
      "version": "2.51.0.windows.1",
      "branch": "feat/space-invaders-golden-pass",
      "commit": "5b921ce23e1cdacb01402694e20dd245f219cf3e"
    },
    "os": {
      "name": "linux",
      "platform": "win32",
      "release": "10.0.26100",
      "arch": "x64"
    }
  },
  "media": {
    "video": [
      {
        "path": "dist/sushi-go/linux/tutorial.mp4",
        "codec": "h264",
        "width": 960,
        "height": 540,
        "pix_fmt": "yuv420p",
        "fps": "30/1",
        "sample_aspect_ratio": "1:1",
        "bitrateKbps": 8000,
        "durationSec": 0,
        "sha256": ""
      }
    ],
    "captions": [
      {
        "path": "dist/sushi-go/linux/tutorial.srt",
        "language": "en",
        "charCount": 0,
        "sha256": ""
      }
    ],
    "images": [
      {
        "path": "dist/sushi-go/linux/poster.jpg",
        "width": 1920,
        "height": 1080,
        "sha256": ""
      }
    ]
  }
}