{
  "tools": {
    "ffmpeg": {
      "version": "8.0-full_build-www.gyan.dev"
    },
    "ffprobe": {
      "version": "8.0-full_build-www.gyan.dev"
    }
  },
  "env": {
    "node": {
      "version": "22.14.0"
    },
    "npm": {
      "version": "unknown"
    },
    "git": {
      "version": "2.51.0.windows.1",
      "branch": "main",
      "commit": "6d1fca93519c0b0557363858469d63bc71465492"
    },
    "os": {
      "name": "Windows",
      "platform": "win32",
      "release": "10.0.26100",
      "arch": "x64"
    }
  }
}