{
  "game": "space-invaders",
  "note": "No audio stream present in preview",
  "generated_at": "2025-09-10T13:52:22.829Z"
}