{
  "game": "space-invaders",
  "input": "out\\preview.mp4",
  "video": {
    "codec_name": "h264",
    "width": 960,
    "height": 540,
    "pix_fmt": "yuv420p",
    "avg_frame_rate": "30/1",
    "sample_aspect_ratio": "1:1",
    "display_aspect_ratio": "16:9"
  },
  "format": {
    "filename": "out/preview.mp4",
    "nb_streams": 1,
    "nb_programs": 0,
    "nb_stream_groups": 0,
    "format_name": "mov,mp4,m4a,3gp,3g2,mj2",
    "format_long_name": "QuickTime / MOV",
    "start_time": "0.000000",
    "duration": "28.000000",
    "size": "22425",
    "bit_rate": "6407",
    "probe_score": 100,
    "tags": {
      "major_brand": "isom",
      "minor_version": "512",
      "compatible_brands": "isomiso2avc1mp41",
      "encoder": "Lavf62.5.100"
    }
  },
  "tools": {
    "ffmpeg": "ffmpeg version 8.0-full_build-www.gyan.dev Copyright (c) 2000-2025 the FFmpeg developers",
    "ffprobe": "ffprobe version 8.0-full_build-www.gyan.dev Copyright (c) 2007-2025 the FFmpeg developers"
  },
  "environment": {
    "node": "v22.14.0",
    "npm": "unknown",
    "gitBranch": "main",
    "gitCommit": "6d1fca93519c0b0557363858469d63bc71465492",
    "os": {
      "platform": "win32",
      "arch": "x64",
      "release": "10.0.26100"
    }
  },
  "ci": {
    "ci": false,
    "runner_os": null,
    "github_sha": null,
    "github_ref": null,
    "github_run_id": null,
    "github_run_number": null,
    "github_run_attempt": null
  },
  "generated_at": "2025-09-10T13:52:21.530Z"
}